[INFO] Scanning for projects...
[WARNING] 
[WARNING] Some problems were encountered while building the effective model for edu.esiea:stellarsystemapi:jar:0.0.1-SNAPSHOT
[WARNING] 'dependencies.dependency.(groupId:artifactId:type:classifier)' must be unique: org.springframework.boot:spring-boot-devtools:jar -> duplicate declaration of version (?) @ line 88, column 21
[WARNING] 
[WARNING] It is highly recommended to fix these problems because they threaten the stability of your build.
[WARNING] 
[WARNING] For this reason, future Maven versions might no longer support building such malformed projects.
[WARNING] 
[INFO] 
[INFO] ---------------------< edu.esiea:stellarsystemapi >---------------------
[INFO] Building stellarsystemapi 0.0.1-SNAPSHOT
[INFO]   from pom.xml
[INFO] --------------------------------[ jar ]---------------------------------
[INFO] 
[INFO] --- clean:3.5.0:clean (default-clean) @ stellarsystemapi ---
[INFO] Deleting C:\Users\freew\Documents\workspace-spring-tools-for-eclipse-5.0.1.RELEASE\stellarsystemapi\target
[INFO] 
[INFO] --- resources:3.3.1:resources (default-resources) @ stellarsystemapi ---
[INFO] Copying 3 resources from src\main\resources to target\classes
[INFO] Copying 1 resource from src\main\resources to target\classes
[INFO] 
[INFO] --- compiler:3.14.1:compile (default-compile) @ stellarsystemapi ---
[INFO] Recompiling the module because of changed source code.
[INFO] Compiling 49 source files with javac [debug parameters release 21] to target\classes
[INFO] -------------------------------------------------------------
[ERROR] COMPILATION ERROR : 
[INFO] -------------------------------------------------------------
[ERROR] /C:/Users/freew/Documents/workspace-spring-tools-for-eclipse-5.0.1.RELEASE/stellarsystemapi/src/main/java/edu/esiea/stellarsystemapi/config/H2ConsoleConfig.java:[12,35] cannot access javax.servlet.http.HttpServlet
  class file for javax.servlet.http.HttpServlet not found
[ERROR] /C:/Users/freew/Documents/workspace-spring-tools-for-eclipse-5.0.1.RELEASE/stellarsystemapi/src/main/java/edu/esiea/stellarsystemapi/config/H2ConsoleConfig.java:[13,33] type argument org.h2.server.web.WebServlet is not within bounds of type-variable T
[ERROR] /C:/Users/freew/Documents/workspace-spring-tools-for-eclipse-5.0.1.RELEASE/stellarsystemapi/src/main/java/edu/esiea/stellarsystemapi/config/H2ConsoleConfig.java:[13,60] cannot infer type arguments for org.springframework.boot.web.servlet.ServletRegistrationBean<>
[INFO] 3 errors 
[INFO] -------------------------------------------------------------
[INFO] ------------------------------------------------------------------------
[INFO] BUILD FAILURE
[INFO] ------------------------------------------------------------------------
[INFO] Total time:  4.922 s
[INFO] Finished at: 2026-04-01T10:52:25+02:00
[INFO] ------------------------------------------------------------------------
[ERROR] Failed to execute goal org.apache.maven.plugins:maven-compiler-plugin:3.14.1:compile (default-compile) on project stellarsystemapi: Compilation failure: Compilation failure: 
[ERROR] /C:/Users/freew/Documents/workspace-spring-tools-for-eclipse-5.0.1.RELEASE/stellarsystemapi/src/main/java/edu/esiea/stellarsystemapi/config/H2ConsoleConfig.java:[12,35] cannot access javax.servlet.http.HttpServlet
[ERROR]   class file for javax.servlet.http.HttpServlet not found
[ERROR] /C:/Users/freew/Documents/workspace-spring-tools-for-eclipse-5.0.1.RELEASE/stellarsystemapi/src/main/java/edu/esiea/stellarsystemapi/config/H2ConsoleConfig.java:[13,33] type argument org.h2.server.web.WebServlet is not within bounds of type-variable T
[ERROR] /C:/Users/freew/Documents/workspace-spring-tools-for-eclipse-5.0.1.RELEASE/stellarsystemapi/src/main/java/edu/esiea/stellarsystemapi/config/H2ConsoleConfig.java:[13,60] cannot infer type arguments for org.springframework.boot.web.servlet.ServletRegistrationBean<>
[ERROR] -> [Help 1]
[ERROR] 
[ERROR] To see the full stack trace of the errors, re-run Maven with the -e switch.
[ERROR] Re-run Maven using the -X switch to enable full debug logging.
[ERROR] 
[ERROR] For more information about the errors and possible solutions, please read the following articles:
[ERROR] [Help 1] http://cwiki.apache.org/confluence/display/MAVEN/MojoFailureException
